// Jest Snapshot v1, https://goo.gl/fbAQLP

exports[`BackToTop Matches snapshot 1`] = `
<div
  className="wrapper"
>
  <nav
    aria-labelledby="back-to-top-link"
    className="nav"
  >
    <a
      className="anchor"
      href="#top"
      id="back-to-top-link"
      onClick={[Function]}
    >
      <Container
        className="container"
      >
        <SvgChevronUp />
         Back to top
      </Container>
    </a>
  </nav>
</div>
`;
