// Jest Snapshot v1, https://goo.gl/fbAQLP

exports[`Header Matches snapshot 1`] = `
<HeaderContextProvider>
  <ContextConsumer>
    <Component />
  </ContextConsumer>
  <div
    className="header"
    data-tracking="Global nav"
    id="top"
  >
    <header
      aria-label="Site header"
    >
      <ul
        aria-label="Accessibility links"
        className="a11yLinks"
      >
        <li>
          <SkipLink
            to="#content-start"
          >
            Skip to content
          </SkipLink>
        </li>
        <li>
          <SkipLink
            to="https://www.nice.org.uk/accessibility"
          >
            Accessibility help
          </SkipLink>
        </li>
      </ul>
      <div
        className="container"
        id="site-header"
      >
        <a
          aria-label="Home"
          className="home"
          data-tracking="Logo"
          href="https://www.nice.org.uk/"
          onClick={[Function]}
        >
          <SvgLogoFull
            className="icon"
            height={null}
            width={null}
          />
        </a>
        <div
          className="wrapper"
        >
          <div
            className="search"
          >
            <Search
              onNavigating="onNavigatingHandler"
              placeholder="Search NICEâ€¦"
              query=""
              skipLinkId="content-start"
              url="/search"
            />
          </div>
          <button
            aria-controls="header-menu"
            aria-expanded={false}
            aria-haspopup="menu"
            aria-label="Expand site menu"
            className="mobileMenuBtn"
            id="header-menu-button"
            onClick={[Function]}
            type="button"
          >
            Menu
          </button>
          <div
            className="account"
          >
            <Account
              accountsData={null}
              environment="live"
              isLoggedIn={false}
              onLoginStatusChecked={[Function]}
              provider="niceAccounts"
            />
          </div>
        </div>
      </div>
      <Nav
        accountsLinks={null}
        additionalSubMenuItems={Array []}
        isExpanded={false}
        onNavigating="onNavigatingHandler"
        service={null}
        skipLinkId="content-start"
      />
    </header>
    <CoronaMessage />
    <OldIEMessage />
  </div>
</HeaderContextProvider>
`;
