// Jest Snapshot v1, https://goo.gl/fbAQLP

exports[`Main Matches snapshot 1`] = `
<main
  className="main"
>
  <p>
    test
  </p>
  <BackToTop />
</main>
`;
