// Jest Snapshot v1, https://goo.gl/fbAQLP

exports[`Search Rendering Matches snapshot 1`] = `
<div>
  <form
    action="/search"
    class="search"
    id="global-nav-search-form"
    role="search"
  >
    <label
      class="label"
      for="autocomplete"
    >
      Search NICE…
    </label>
    <div
      class="ac"
    >
      <div
        aria-atomic="true"
        aria-live="polite"
        style="position: absolute; left: -9999px; height: 1px; width: 1px; overflow: hidden;"
      />
      <div
        class="autocomplete__wrapper"
      >
        <input
          class="autocomplete__input autocomplete__input--default"
          data-hj-allow=""
          id="autocomplete"
          maxlength="512"
          name="q"
          placeholder="Search NICE…"
          type="search"
          value="test"
        />
      </div>
    </div>
    <button
      aria-label="Perform search"
      class="button"
      type="submit"
    >
      <svg
        aria-hidden="true"
        class="icon"
        fill="none"
        focusable="false"
        height="1em"
        viewBox="0 0 512 512"
        width="1em"
        xmlns="http://www.w3.org/2000/svg"
      >
        <path
          d="M83.784 476.472 197.112 363.16c30.144 20.32 65.056 30.528 100.032 30.528 45.904 0 91.776-17.488 126.8-52.528 70.064-70.064 70.064-183.584 0-253.616C388.936 52.504 343.048 35 297.144 35c-45.904 0-91.808 17.504-126.848 52.528-61.696 61.696-68.976 157.12-21.968 226.864L35 427.752l48.784 48.72Zm213.36-137.952c-33.168 0-64.352-12.896-87.792-36.368-48.416-48.448-48.416-127.2 0-175.616 23.44-23.44 54.64-36.352 87.792-36.352s64.336 12.912 87.776 36.368c23.44 23.456 36.384 54.64 36.384 87.792s-12.928 64.352-36.384 87.792c-23.456 23.472-54.624 36.368-87.776 36.368v.016Z"
          fill="currentColor"
        />
      </svg>
    </button>
    <a
      class="link"
      href="#content-start"
    >
      Skip to content
    </a>
  </form>
</div>
`;
