// Jest Snapshot v1, https://goo.gl/fbAQLP

exports[`Services Matches snapshot 1`] = `
<nav
  aria-label="Our services"
  className="wrapper"
>
  <ul
    className="list"
  >
    <li
      key="pathways"
    >
      <TrackedLink
        aria-current="true"
        className="link"
        eventAction="Footer click"
        eventCategory="TopHat and footer"
        eventLabel="NICE Pathways"
        href="https://pathways.nice.org.uk/"
      >
        NICE Pathways
      </TrackedLink>
    </li>
    <li
      key="guidance"
    >
      <TrackedLink
        aria-current={null}
        className="link"
        eventAction="Footer click"
        eventCategory="TopHat and footer"
        eventLabel="NICE guidance"
        href="https://www.nice.org.uk/guidance"
      >
        NICE guidance
      </TrackedLink>
    </li>
    <li
      key="life-sciences"
    >
      <TrackedLink
        aria-current={null}
        className="link"
        eventAction="Footer click"
        eventCategory="TopHat and footer"
        eventLabel="Life sciences"
        href="https://www.nice.org.uk/about/what-we-do/life-sciences"
      >
        Life sciences
      </TrackedLink>
    </li>
    <li
      key="standards"
    >
      <TrackedLink
        aria-current={null}
        className="link"
        eventAction="Footer click"
        eventCategory="TopHat and footer"
        eventLabel="Standards and indicators"
        href="https://www.nice.org.uk/standards-and-indicators"
      >
        Standards and indicators
      </TrackedLink>
    </li>
    <li
      key="evidence"
    >
      <TrackedLink
        aria-current={null}
        className="link"
        eventAction="Footer click"
        eventCategory="TopHat and footer"
        eventLabel="Evidence search"
        href="https://www.evidence.nhs.uk/"
      >
        Evidence search
      </TrackedLink>
    </li>
    <li
      key="bnf"
    >
      <TrackedLink
        aria-current={null}
        className="link"
        eventAction="Footer click"
        eventCategory="TopHat and footer"
        eventLabel="BNF"
        href="https://bnf.nice.org.uk/"
      >
        <abbr
          title="British National Formulary"
        >
          BNF
           
          <span
            className="visuallyHidden"
          >
            British National Formulary
          </span>
        </abbr>
        <span
          aria-hidden="true"
          className="tooltip"
        >
          British National Formulary
        </span>
      </TrackedLink>
    </li>
    <li
      key="bnfc"
    >
      <TrackedLink
        aria-current={null}
        className="link"
        eventAction="Footer click"
        eventCategory="TopHat and footer"
        eventLabel="BNFC"
        href="https://bnfc.nice.org.uk/"
      >
        <abbr
          title="British National Formulary for Children"
        >
          BNFC
           
          <span
            className="visuallyHidden"
          >
            British National Formulary for Children
          </span>
        </abbr>
        <span
          aria-hidden="true"
          className="tooltip"
        >
          British National Formulary for Children
        </span>
      </TrackedLink>
    </li>
    <li
      key="cks"
    >
      <TrackedLink
        aria-current={null}
        className="link"
        eventAction="Footer click"
        eventCategory="TopHat and footer"
        eventLabel="CKS"
        href="https://cks.nice.org.uk/"
      >
        <abbr
          title="Clinical Knowledge Summaries"
        >
          CKS
           
          <span
            className="visuallyHidden"
          >
            Clinical Knowledge Summaries
          </span>
        </abbr>
        <span
          aria-hidden="true"
          className="tooltip"
        >
          Clinical Knowledge Summaries
        </span>
      </TrackedLink>
    </li>
    <li
      key="journals"
    >
      <TrackedLink
        aria-current={null}
        className="link"
        eventAction="Footer click"
        eventCategory="TopHat and footer"
        eventLabel="Journals and databases"
        href="https://www.nice.org.uk/about/what-we-do/evidence-services/journals-and-databases"
      >
        Journals and databases
      </TrackedLink>
    </li>
  </ul>
</nav>
`;
