// Jest Snapshot v1, https://goo.gl/fbAQLP

exports[`Legal Matches snapshot 1`] = `
<div>
  <div
    class="wrapper"
  >
    <div
      class="container"
    >
      <nav
        aria-label="Legal menu"
        class="menu"
      >
        <ul>
          <li>
            <a
              href="https://www.nice.org.uk/accessibility"
            >
              Accessibility
            </a>
          </li>
          <li>
            <a
              href="https://www.nice.org.uk/freedom-of-information"
            >
              Freedom of information
            </a>
          </li>
          <li>
            <a
              href="https://www.nice.org.uk/glossary"
            >
              Glossary
            </a>
          </li>
          <li>
            <a
              href="https://www.nice.org.uk/terms-and-conditions"
            >
              Terms and conditions
            </a>
          </li>
          <li>
            <a
              href="https://www.nice.org.uk/privacy-notice"
            >
              Privacy notice
            </a>
          </li>
          <li>
            <a
              href="https://www.nice.org.uk/cookies"
            >
              Cookies
            </a>
          </li>
        </ul>
      </nav>
      <p
        class="copyright"
      >
        Â©
         
        <abbr
          title="National Institute for Health and Care Excellence"
        >
          NICE
        </abbr>
         
        2000
        . All rights reserved. Subject to
         
        <a
          href="https://www.nice.org.uk/terms-and-conditions#notice-of-rights"
        >
          Notice of rights
        </a>
        .
      </p>
    </div>
  </div>
</div>
`;
